// Jest Snapshot v1, https://goo.gl/fbAQLP

exports[`Header renders correctly 1`] = `
Array [
  <style
    dangerouslySetInnerHTML={
      Object {
        "__html": ".css-1p1929s-Header{background-color:#1976d2;margin-bottom:1.45rem;}",
      }
    }
    data-emotion="css 1p1929s-Header"
  />,
  <header
    className="css-1p1929s-Header"
  >
    <style
      dangerouslySetInnerHTML={
        Object {
          "__html": ".css-mrxrfl-Header{margin:0 auto;max-width:960;padding:1.45rem 1.0875rem;}",
        }
      }
      data-emotion="css mrxrfl-Header"
    />
    <div
      className="css-mrxrfl-Header"
    >
      <h1
        style={
          Object {
            "margin": 0,
          }
        }
      >
        <style
          dangerouslySetInnerHTML={
            Object {
              "__html": ".css-1mhjv28-MuiLink-root{-webkit-text-decoration:underline;text-decoration:underline;-webkit-text-decoration-color:rgba(25,118,210,0.4);text-decoration-color:rgba(25,118,210,0.4);color:#fff;-webkit-text-decoration:none;text-decoration:none;}.css-1mhjv28-MuiLink-root:hover{-webkit-text-decoration-color:inherit;text-decoration-color:inherit;}",
            }
          }
          data-emotion-css="1mhjv28-MuiLink-root"
        />
        <style
          dangerouslySetInnerHTML={
            Object {
              "__html": ".css-ze3ebt-MuiTypography-root-MuiLink-root{margin:0;color:#1976d2;-webkit-text-decoration:underline;text-decoration:underline;-webkit-text-decoration-color:rgba(25,118,210,0.4);text-decoration-color:rgba(25,118,210,0.4);color:#fff;-webkit-text-decoration:none;text-decoration:none;}.css-ze3ebt-MuiTypography-root-MuiLink-root:hover{-webkit-text-decoration-color:inherit;text-decoration-color:inherit;}",
            }
          }
          data-emotion-css="ze3ebt-MuiTypography-root-MuiLink-root"
        />
        <a
          className="MuiTypography-root MuiTypography-inherit MuiLink-root MuiLink-underlineAlways css-ze3ebt-MuiTypography-root-MuiLink-root"
          href="/"
          onBlur={[Function]}
          onFocus={[Function]}
        >
          Default Starter
        </a>
      </h1>
    </div>
  </header>,
]
`;
